Filtering alerts to these ranges:
  ldap2_private.py:all
  ldap2_remote.py:all
  ldap3_private.py:all
  ldap3_remote.py:1-126
  ldap3_remote.py:128-146
Wrongly included: | ldap3_remote.py:127:18:127:21 | ControlFlowNode for host | This LDAP host is authenticated insecurely. |
