| BaseUrl/src/main.ts:2:1:2:21 | import  ... /file"; | BaseUrl/lib/file.ts |
| BaseUrl/src/main.ts:3:1:3:24 | import  ... le.ts"; | BaseUrl/lib/file.ts |
| BaseUrl/src/main.ts:4:1:4:24 | import  ... le.js"; | BaseUrl/lib/file.ts |
| BaseUrl/src/main.ts:5:1:5:16 | import "../lib"; | BaseUrl/lib/index.ts |
| BaseUrl/src/main.ts:6:1:6:22 | import  ... index"; | BaseUrl/lib/index.ts |
| BaseUrl/src/main.ts:7:1:7:25 | import  ... ex.ts"; | BaseUrl/lib/index.ts |
| BaseUrl/src/main.ts:8:1:8:25 | import  ... ex.js"; | BaseUrl/lib/index.ts |
| BaseUrl/src/main.ts:11:1:11:18 | import "lib/file"; | BaseUrl/lib/file.ts |
| BaseUrl/src/main.ts:12:1:12:21 | import  ... le.ts"; | BaseUrl/lib/file.ts |
| BaseUrl/src/main.ts:13:1:13:21 | import  ... le.js"; | BaseUrl/lib/file.ts |
| BaseUrl/src/main.ts:14:1:14:13 | import "lib"; | BaseUrl/lib/index.ts |
| BaseUrl/src/main.ts:15:1:15:19 | import "lib/index"; | BaseUrl/lib/index.ts |
| BaseUrl/src/main.ts:16:1:16:22 | import  ... ex.ts"; | BaseUrl/lib/index.ts |
| BaseUrl/src/main.ts:17:1:17:22 | import  ... ex.js"; | BaseUrl/lib/index.ts |
| BaseUrl/src/main.ts:20:1:20:16 | import "@/file"; | BaseUrl/lib/file.ts |
| BaseUrl/src/main.ts:21:1:21:19 | import "@/file.ts"; | BaseUrl/lib/file.ts |
| BaseUrl/src/main.ts:22:1:22:19 | import "@/file.js"; | BaseUrl/lib/file.ts |
| BaseUrl/src/main.ts:23:1:23:11 | import "@"; | BaseUrl/lib/nostar.ts |
| BaseUrl/src/main.ts:24:1:24:17 | import "@/index"; | BaseUrl/lib/index.ts |
| BaseUrl/src/main.ts:25:1:25:20 | import "@/index.ts"; | BaseUrl/lib/index.ts |
| BaseUrl/src/main.ts:26:1:26:20 | import "@/index.js"; | BaseUrl/lib/index.ts |
| Basic/Subdir/sub.ts:1:1:1:12 | import '..'; | Basic/index.ts |
| Basic/Subdir/sub.ts:2:1:2:13 | import '../'; | Basic/index.ts |
| Basic/Subdir/sub.ts:3:1:3:14 | import './..'; | Basic/index.ts |
| Basic/Subdir/sub.ts:4:1:4:15 | import './../'; | Basic/index.ts |
| Basic/index.ts:1:1:1:22 | import  ... r/sub'; | Basic/Subdir/sub.ts |
| DeclarationFiles/src/main.ts:1:1:1:22 | import  ... split"; | DeclarationFiles/lib/split.d.ts |
| DeclarationFiles/src/main.ts:1:1:1:22 | import  ... split"; | DeclarationFiles/lib/split.js |
| DeclarationFiles/src/main.ts:2:1:2:25 | import  ... it.js"; | DeclarationFiles/lib/split.d.ts |
| DeclarationFiles/src/main.ts:2:1:2:25 | import  ... it.js"; | DeclarationFiles/lib/split.js |
| DeclarationFiles/src/main.ts:3:1:3:27 | import  ... .d.ts"; | DeclarationFiles/lib/split.d.ts |
| DeclarationFiles/src/main.ts:5:1:5:27 | import  ... cript"; | DeclarationFiles/lib/typescript.ts |
| DeclarationFiles/src/main.ts:6:1:6:30 | import  ... pt.js"; | DeclarationFiles/lib/typescript.ts |
| DeclarationFiles/src/main.ts:7:1:7:32 | import  ... .d.ts"; | DeclarationFiles/lib/typescript.d.ts |
| DirnameImports/main.js:5:16:5:48 | require ... et.js') | DirnameImports/target.js |
| DirnameImports/main.js:8:22:8:63 | require ... t.js')) | DirnameImports/target.js |
| DirnameImports/main.js:11:16:11:55 | require ... et.js') | DirnameImports/nested/target.js |
| DirnameImports/main.js:14:16:14:60 | require ... es.ts') | import-packages.ts |
| DirnameImports/main.js:18:17:18:64 | require ... et.js') | DirnameImports/nested/target.js |
| DirnameImports/main.js:21:20:21:57 | require ... et.js') | DirnameImports/target.js |
| Extended/src/main.ts:2:1:2:21 | import  ... /file"; | Extended/lib/file.ts |
| Extended/src/main.ts:3:1:3:24 | import  ... le.ts"; | Extended/lib/file.ts |
| Extended/src/main.ts:4:1:4:24 | import  ... le.js"; | Extended/lib/file.ts |
| Extended/src/main.ts:5:1:5:16 | import "../lib"; | Extended/lib/index.ts |
| Extended/src/main.ts:6:1:6:22 | import  ... index"; | Extended/lib/index.ts |
| Extended/src/main.ts:7:1:7:25 | import  ... ex.ts"; | Extended/lib/index.ts |
| Extended/src/main.ts:8:1:8:25 | import  ... ex.js"; | Extended/lib/index.ts |
| Extended/src/main.ts:11:1:11:18 | import "lib/file"; | Extended/lib/file.ts |
| Extended/src/main.ts:12:1:12:21 | import  ... le.ts"; | Extended/lib/file.ts |
| Extended/src/main.ts:13:1:13:21 | import  ... le.js"; | Extended/lib/file.ts |
| Extended/src/main.ts:14:1:14:13 | import "lib"; | Extended/lib/index.ts |
| Extended/src/main.ts:15:1:15:19 | import "lib/index"; | Extended/lib/index.ts |
| Extended/src/main.ts:16:1:16:22 | import  ... ex.ts"; | Extended/lib/index.ts |
| Extended/src/main.ts:17:1:17:22 | import  ... ex.js"; | Extended/lib/index.ts |
| Extended/src/main.ts:20:1:20:16 | import "@/file"; | Extended/lib/file.ts |
| Extended/src/main.ts:21:1:21:19 | import "@/file.ts"; | Extended/lib/file.ts |
| Extended/src/main.ts:22:1:22:19 | import "@/file.js"; | Extended/lib/file.ts |
| Extended/src/main.ts:23:1:23:11 | import "@"; | Extended/lib/nostar.ts |
| Extended/src/main.ts:24:1:24:17 | import "@/index"; | Extended/lib/index.ts |
| Extended/src/main.ts:25:1:25:20 | import "@/index.ts"; | Extended/lib/index.ts |
| Extended/src/main.ts:26:1:26:20 | import "@/index.js"; | Extended/lib/index.ts |
| NoBaseUrl/src/main.ts:2:1:2:21 | import  ... /file"; | NoBaseUrl/lib/file.ts |
| NoBaseUrl/src/main.ts:3:1:3:24 | import  ... le.ts"; | NoBaseUrl/lib/file.ts |
| NoBaseUrl/src/main.ts:4:1:4:24 | import  ... le.js"; | NoBaseUrl/lib/file.ts |
| NoBaseUrl/src/main.ts:5:1:5:16 | import "../lib"; | NoBaseUrl/lib/index.ts |
| NoBaseUrl/src/main.ts:6:1:6:22 | import  ... index"; | NoBaseUrl/lib/index.ts |
| NoBaseUrl/src/main.ts:7:1:7:25 | import  ... ex.ts"; | NoBaseUrl/lib/index.ts |
| NoBaseUrl/src/main.ts:8:1:8:25 | import  ... ex.js"; | NoBaseUrl/lib/index.ts |
| NoBaseUrl/src/main.ts:20:1:20:16 | import "@/file"; | NoBaseUrl/lib/file.ts |
| NoBaseUrl/src/main.ts:21:1:21:19 | import "@/file.ts"; | NoBaseUrl/lib/file.ts |
| NoBaseUrl/src/main.ts:22:1:22:19 | import "@/file.js"; | NoBaseUrl/lib/file.ts |
| NoBaseUrl/src/main.ts:23:1:23:11 | import "@"; | NoBaseUrl/lib/nostar.ts |
| NoBaseUrl/src/main.ts:24:1:24:17 | import "@/index"; | NoBaseUrl/lib/index.ts |
| NoBaseUrl/src/main.ts:25:1:25:20 | import "@/index.ts"; | NoBaseUrl/lib/index.ts |
| NoBaseUrl/src/main.ts:26:1:26:20 | import "@/index.js"; | NoBaseUrl/lib/index.ts |
| import-packages.ts:1:1:1:32 | import  ... /main'; | PackageWithMain/main.js |
| import-packages.ts:2:1:2:36 | import  ... -main'; | PackageWithMain/main.js |
| import-packages.ts:4:1:4:33 | import  ... eMain'; | PackageWithModuleMain/main.js |
| import-packages.ts:5:1:5:43 | import  ... -main'; | PackageWithModuleMain/main.js |
| import-packages.ts:10:1:10:39 | import  ... ports'; | PackageWithExports/main.js |
| import-packages.ts:11:1:11:49 | import  ... -file'; | PackageWithExports/fake-file-impl.js |
| import-packages.ts:12:1:12:48 | import  ... r/foo'; | PackageWithExports/star-impl/foo.js |
| import-packages.ts:14:1:14:28 | import  ... xFile'; | PackageIndexFile/index.js |
| import-packages.ts:15:1:15:42 | import  ... -file'; | PackageIndexFile/index.js |
| import-packages.ts:17:1:17:25 | import  ... uess1'; | PackageGuess1/src/index.ts |
| import-packages.ts:18:1:18:33 | import  ... uess1'; | PackageGuess1/src/index.ts |
| import-packages.ts:20:1:20:25 | import  ... uess2'; | PackageGuess2/blah/stuff.ts |
| import-packages.ts:21:1:21:33 | import  ... uess2'; | PackageGuess2/blah/stuff.ts |
| import-packages.ts:23:1:23:30 | import  ... inExt'; | PackageWithMainExt/lib/main.ts |
| import-packages.ts:24:1:24:40 | import  ... n-ext'; | PackageWithMainExt/lib/main.ts |
| import-packages.ts:26:1:26:46 | import  ... oo.js'; | TSConfigOutDir/src/foo.ts |
| import-packages.ts:28:1:28:24 | import  ... older'; | MainIsFolder/src/index.ts |
| import-packages.ts:29:1:29:33 | import  ... older'; | MainIsFolder/src/index.ts |
| import-packages.ts:31:1:31:27 | import  ... nsSrc'; | DistContainsSrc/src/foo.ts |
