Filtering alerts to these ranges:
  UnsafeUnpack.py:1-47
  UnsafeUnpack.py:49-201
Wrongly included: | UnsafeUnpack.py:48:23:48:37 | ControlFlowNode for compressed_file | Unsafe extraction from a malicious tarball retrieved from a remote location. |
