Filtering alerts to these ranges:
  polynomial-redos.js:(15,28)-(15,35)
Wrongly included: | polynomial-redos.js:15:2:15:52 | tainted ... (?!`)/) | This $@ that depends on $@ may run slow on strings starting with '`_' and with many repetitions of '\t'. | polynomial-redos.js:15:41:15:43 | \s* | regular expression | polynomial-redos.js:5:16:5:32 | req.query.tainted | a user-provided value |
