Filtering alerts to these ranges:
  polynomial-redos.js:(30,19)-(30,22)
Wrongly included: | polynomial-redos.js:30:2:30:32 | tainted ... /g, "") | This $@ that depends on $@ may run slow on strings starting with '?' and with many repetitions of '?'. | polynomial-redos.js:30:23:30:24 | .* | regular expression | polynomial-redos.js:5:16:5:32 | req.query.tainted | a user-provided value |
