Filtering alerts to these ranges:
  polynomial-redos.js:(30,23)-(30,24)
Wrongly included: | polynomial-redos.js:30:2:30:32 | tainted ... /g, "") | This $@ that depends on $@ may run slow on strings with many repetitions of '?'. | polynomial-redos.js:30:19:30:22 | [?]+ | regular expression | polynomial-redos.js:5:16:5:32 | req.query.tainted | a user-provided value |
