Filtering alerts to these ranges:
  polynomial-redos.js:(37,35)-(37,36)
Wrongly included: | polynomial-redos.js:37:2:37:39 | tainted ... )".*>/) | This $@ that depends on $@ may run slow on strings starting with '<' and with many repetitions of '<'. | polynomial-redos.js:37:18:37:19 | .* | regular expression | polynomial-redos.js:5:16:5:32 | req.query.tainted | a user-provided value |
