Filtering alerts to these ranges:
  polynomial-redos.js:(37,18)-(37,19)
Wrongly included: | polynomial-redos.js:37:2:37:39 | tainted ... )".*>/) | This $@ that depends on $@ may run slow on strings starting with '<style="!"' and with many repetitions of 'style="!"'. | polynomial-redos.js:37:35:37:36 | .* | regular expression | polynomial-redos.js:5:16:5:32 | req.query.tainted | a user-provided value |
