Filtering alerts to these ranges:
  polynomial-redos.js:(53,3)-(53,8)
Wrongly included: | polynomial-redos.js:53:2:53:28 | /(B|Y)+ ... ainted) | This $@ that depends on $@ may run slow on strings starting with 'B' and with many repetitions of 'Y'. | polynomial-redos.js:53:9:53:12 | (Y)* | regular expression | polynomial-redos.js:5:16:5:32 | req.query.tainted | a user-provided value |
