Filtering alerts to these ranges:
  polynomial-redos.js:(54,10)-(54,13)
Wrongly included: | polynomial-redos.js:54:3:54:29 | /(B|Y)+ ... ainted) | This $@ that depends on $@ may run slow on strings with many repetitions of 'B'. | polynomial-redos.js:54:4:54:9 | (B|Y)+ | regular expression | polynomial-redos.js:5:16:5:32 | req.query.tainted | a user-provided value |
