Filtering alerts to these ranges:
  polynomial-redos.js:(75,18)-(75,19)
Wrongly included: | polynomial-redos.js:75:2:75:39 | tainted ... )".*>/) | This $@ that depends on $@ may run slow on strings starting with '<class="!"' and with many repetitions of 'class="!"'. | polynomial-redos.js:75:35:75:36 | .* | regular expression | polynomial-redos.js:5:16:5:32 | req.query.tainted | a user-provided value |
