Filtering alerts to these ranges:
  test.py:(18,21)-(18,23)
Wrongly omitted: | test.py:16:24:16:30 | ControlFlowNode for my_text | This $@ that depends on a $@ may run slow on strings with many repetitions of ' '. | test.py:18:21:18:23 | \s+ | regular expression | test.py:2:26:2:32 | ControlFlowNode for ImportMember | user-provided value |
