Filtering alerts to these ranges:
  test.py:(20,271)-(20,272)
Wrongly omitted: | test.py:21:18:21:21 | ControlFlowNode for text | This $@ that depends on a $@ may run slow on strings starting with 'AAAAAAAAAAAAAAAAAAAAAAAAAAAAAAAAAAAAAAAAAAAAAAAAAAAAAAAAAAAAAAAAAAAAAAC' and with many repetitions of 'AAAAAAAAAAAAAAAAAAAAAAAAAAAAAAAAAAAAAAAAAAAAAAAAAAAAAAAAAAAAAAAAAAAAAAC'. | test.py:20:271:20:272 | .* | regular expression | test.py:2:26:2:32 | ControlFlowNode for ImportMember | user-provided value |
