Filtering alerts to these ranges:
  test.py:(8,19)-(8,21)
Wrongly omitted: | test.py:8:30:8:33 | ControlFlowNode for text | This $@ that depends on a $@ may run slow on strings with many repetitions of ' '. | test.py:8:19:8:21 | \s+ | regular expression | test.py:2:26:2:32 | ControlFlowNode for ImportMember | user-provided value |
